
> ghostjob@0.1.0 build
> next build

  Ôû▓ Next.js 14.2.35
  - Environments: .env.local

   Creating an optimized production build ...
node.exe : Failed to 
compile.
At C:\Program 
Files\nodejs\npm.ps1:29 
char:3
+   & $NODE_EXE 
$NPM_CLI_JS $args
+   ~~~~~~~~~~~~~~~~~~~~~~
~~~~~~~
    + CategoryInfo        
      : NotSpecified: (F  
  ailed to compile.:Str   
 ing) [], RemoteExcept    
ion
    + FullyQualifiedError 
   Id : NativeCommandErr  
  or
 

./app/api/parse-cv/route.t
s
Module not found: Package 
path ./lib/pdf-parse.js 
is not exported from 
package C:\Users\denio\Doc
uments\Denio\GhostJob\node
_modules\pdf-parse (see 
exports field in C:\Users\
denio\Documents\Denio\Ghos
tJob\node_modules\pdf-pars
e\package.json)

https://nextjs.org/docs/me
ssages/module-not-found


> Build failed because of 
webpack errors
